INFO:sim:172 - Generating IP...
Applying current project options...
Finished applying current project options.
WARNING:sim - A core named 'PLL_IP' already exists in the project. Output
   products for this core may be overwritten.
Resolving generics for 'PLL_IP'...
WARNING:sim - A core named 'PLL_IP' already exists in the project. Output
   products for this core may be overwritten.
Applying external generics to 'PLL_IP'...
Delivering associated files for 'PLL_IP'...
WARNING:sim - Component clk_wiz_v3_6 does not have a valid model name for
   Verilog synthesis
Delivering EJava files for 'PLL_IP'...
Delivered 3 files into directory
/home/ise/Share/Ultrasonic_Sensor/fpga/verilog/ipcore_dir/tmp/_cg/PLL_IP
Delivered 1 file into directory
/home/ise/Share/Ultrasonic_Sensor/fpga/verilog/ipcore_dir/tmp/_cg/PLL_IP
Generating ASY schematic symbol...
Loading device for application Rf_Device from file '6slx9.nph' in environment
/opt/Xilinx/14.7/ISE_DS/ISE/.
INFO:sim:949 - Finished generation of ASY schematic symbol.
Generating SYM schematic symbol for 'PLL_IP'...
Generating ISE project...
XCO file found: PLL_IP.xco
XMDF file found: PLL_IP_xmdf.tcl
Adding
/home/ise/Share/Ultrasonic_Sensor/fpga/verilog/ipcore_dir/tmp/_cg/PLL_IP.asy
-view all -origin_type imported
Adding
/home/ise/Share/Ultrasonic_Sensor/fpga/verilog/ipcore_dir/tmp/_cg/PLL_IP.ucf
-view all -origin_type created
Adding
/home/ise/Share/Ultrasonic_Sensor/fpga/verilog/ipcore_dir/tmp/_cg/PLL_IP.v -view
all -origin_type created
INFO:HDLCompiler:1845 - Analyzing Verilog file
   "/home/ise/Share/Ultrasonic_Sensor/fpga/verilog/ipcore_dir/tmp/_cg/PLL_IP.v"
   into library work
INFO:ProjectMgmt - Parsing design hierarchy completed successfully.
Adding
/home/ise/Share/Ultrasonic_Sensor/fpga/verilog/ipcore_dir/tmp/_cg/PLL_IP.veo
-view all -origin_type imported
INFO:TclTasksC:2116 - The automatic calculation of top has been turned-off.
   Please set the new top explicitly by running the "project set top" command.
   To re-calculate the new top automatically, set the "Auto Implementation Top"
   property to true.
Top level has been set to "/PLL_IP"
Generating README file...
Generating FLIST file...
INFO:sim:948 - Finished FLIST file generation.
Launching README viewer...
Moving files to output directory...
Finished moving files to output directory
Wrote CGP file for project 'PLL_IP'.
