Running: /opt/Xilinx/14.7/ISE_DS/ISE/bin/lin64/unwrapped/fuse -intstyle ise -incremental -lib unisims_ver -lib unimacro_ver -lib xilinxcorelib_ver -lib secureip -o /home/ise/Share/Ultrasonic_Sensor/fpga/verilog/Interpolation_TOP_EST_isim_beh.exe -prj /home/ise/Share/Ultrasonic_Sensor/fpga/verilog/Interpolation_TOP_EST_beh.prj work.Interpolation_TOP_EST work.glbl 
ISim P.20131013 (signature 0xfbc00daa)
Number of CPUs detected in this system: 4
Turning on mult-threading, number of parallel sub-compilation jobs: 8 
Determining compilation order of HDL files
Analyzing Verilog file "/home/ise/Share/Ultrasonic_Sensor/fpga/verilog/LinearInterpolation_Part.v" into library work
Analyzing Verilog file "/home/ise/Share/Ultrasonic_Sensor/fpga/verilog/ipcore_dir/Interpolation_Bram.v" into library work
Analyzing Verilog file "/home/ise/Share/Ultrasonic_Sensor/fpga/verilog/Interpolation_TOP_EST.v" into library work
Analyzing Verilog file "/opt/Xilinx/14.7/ISE_DS/ISE//verilog/src/glbl.v" into library work
Parsing VHDL file "/home/ise/Share/Ultrasonic_Sensor/fpga/verilog/Interpolation_TOP.vhd" into library work
Starting static elaboration
Completed static elaboration
Fuse Memory Usage: 97028 KB
Fuse CPU Usage: 1220 ms
Compiling module BLK_MEM_GEN_V7_3_output_stage(C_...
Compiling module BLK_MEM_GEN_V7_3_softecc_output_...
Compiling module BLK_MEM_GEN_V7_3_mem_module(C_CO...
Compiling module BLK_MEM_GEN_V7_3(C_FAMILY="spart...
Compiling module Interpolation_Bram
Compiling module LinearInterpolation_Part
Compiling module Interpolation_TOP_EST
Compiling module glbl
Compiling package standard
Compiling package std_logic_1164
Compiling package vl_types
Compiling architecture behavioral of entity Interpolation_TOP [interpolation_top_default]
Time Resolution for simulation is 1ps.
Waiting for 1 sub-compilation(s) to finish...
Compiled 5 VHDL Units
Compiled 8 Verilog Units
Built simulation executable /home/ise/Share/Ultrasonic_Sensor/fpga/verilog/Interpolation_TOP_EST_isim_beh.exe
Fuse Memory Usage: 666988 KB
Fuse CPU Usage: 2000 ms
GCC CPU Usage: 2330 ms
