ISim log file
Running: /home/ise/Share/Ultrasonic_Sensor/fpga/verilog/Ultrasonic_Radar_MUL_Top_Test_isim_beh.exe -intstyle ise -gui -tclbatch isim.cmd -wdb /home/ise/Share/Ultrasonic_Sensor/fpga/verilog/Ultrasonic_Radar_MUL_Top_Test_isim_beh.wdb 
ISim P.20131013 (signature 0xfbc00daa)
----------------------------------------------------------------------
WARNING:Security:42 - Your software subscription period has lapsed. Your current version of Xilinx tools will continue to function, but you no longer qualify for Xilinx software updates or new releases.


----------------------------------------------------------------------
This is a Full version of ISim.
Time resolution is 1 ps
# onerror resume
# wave add /
# run 1000 ns
Simulator is doing circuit initialization process.
 Block Memory Generator CORE Generator module loading initial data...
 Block Memory Generator data initialization complete.
Block Memory Generator CORE Generator module Ultrasonic_Radar_MUL_Top_Test.uut.FMCW_RAM_1.inst.\native_mem_module.blk_mem_gen_v7_3_inst  is using a behavioral model for simulation which will not precisely model memory collision behavior.
WARNING: Behavioral models for independent clock FIFO configurations do not model synchronization delays. The behavioral models are functionally correct, and will represent the behavior of the configured FIFO. See the FIFO Generator User Guide for more information.
Finished circuit initialization process.
ISim P.20131013 (signature 0xfbc00daa)
----------------------------------------------------------------------
WARNING:Security:42 - Your software subscription period has lapsed. Your current version of Xilinx tools will continue to function, but you no longer qualify for Xilinx software updates or new releases.


----------------------------------------------------------------------
This is a Full version of ISim.
# run 1000 ns
Simulator is doing circuit initialization process.
 Block Memory Generator CORE Generator module loading initial data...
 Block Memory Generator data initialization complete.
Block Memory Generator CORE Generator module Ultrasonic_Radar_MUL_Top_Test.uut.FMCW_RAM_1.inst.\native_mem_module.blk_mem_gen_v7_3_inst  is using a behavioral model for simulation which will not precisely model memory collision behavior.
WARNING: Behavioral models for independent clock FIFO configurations do not model synchronization delays. The behavioral models are functionally correct, and will represent the behavior of the configured FIFO. See the FIFO Generator User Guide for more information.
Finished circuit initialization process.
# run all
Stopped at time : 350795 ns : File "/home/ise/Share/Ultrasonic_Sensor/fpga/verilog/Ultrasonic_Radar_MUL_Top_Test.v" Line 1134
ISim P.20131013 (signature 0xfbc00daa)
----------------------------------------------------------------------
WARNING:Security:42 - Your software subscription period has lapsed. Your current version of Xilinx tools will continue to function, but you no longer qualify for Xilinx software updates or new releases.


----------------------------------------------------------------------
This is a Full version of ISim.
# run 1000 ns
Simulator is doing circuit initialization process.
 Block Memory Generator CORE Generator module loading initial data...
 Block Memory Generator data initialization complete.
Block Memory Generator CORE Generator module Ultrasonic_Radar_MUL_Top_Test.uut.FMCW_RAM_1.inst.\native_mem_module.blk_mem_gen_v7_3_inst  is using a behavioral model for simulation which will not precisely model memory collision behavior.
WARNING: Behavioral models for independent clock FIFO configurations do not model synchronization delays. The behavioral models are functionally correct, and will represent the behavior of the configured FIFO. See the FIFO Generator User Guide for more information.
Finished circuit initialization process.
# run all
Stopped at time : 293835 ns : File "/home/ise/Share/Ultrasonic_Sensor/fpga/verilog/Ultrasonic_Radar_MUL_Top_Test.v" Line 1134
ISim P.20131013 (signature 0xfbc00daa)
----------------------------------------------------------------------
WARNING:Security:42 - Your software subscription period has lapsed. Your current version of Xilinx tools will continue to function, but you no longer qualify for Xilinx software updates or new releases.


----------------------------------------------------------------------
This is a Full version of ISim.
# run 1000 ns
Simulator is doing circuit initialization process.
 Block Memory Generator CORE Generator module loading initial data...
 Block Memory Generator data initialization complete.
Block Memory Generator CORE Generator module Ultrasonic_Radar_MUL_Top_Test.uut.FMCW_RAM_1.inst.\native_mem_module.blk_mem_gen_v7_3_inst  is using a behavioral model for simulation which will not precisely model memory collision behavior.
WARNING: Behavioral models for independent clock FIFO configurations do not model synchronization delays. The behavioral models are functionally correct, and will represent the behavior of the configured FIFO. See the FIFO Generator User Guide for more information.
Finished circuit initialization process.
# run all
Stopped at time : 240240 ns : File "/home/ise/Share/Ultrasonic_Sensor/fpga/verilog/ipcore_dir/PLL_IP.v" Line 82
ISim P.20131013 (signature 0xfbc00daa)
----------------------------------------------------------------------
WARNING:Security:42 - Your software subscription period has lapsed. Your current version of Xilinx tools will continue to function, but you no longer qualify for Xilinx software updates or new releases.


----------------------------------------------------------------------
This is a Full version of ISim.
# run 1000 ns
Simulator is doing circuit initialization process.
 Block Memory Generator CORE Generator module loading initial data...
 Block Memory Generator data initialization complete.
Block Memory Generator CORE Generator module Ultrasonic_Radar_MUL_Top_Test.uut.FMCW_RAM_1.inst.\native_mem_module.blk_mem_gen_v7_3_inst  is using a behavioral model for simulation which will not precisely model memory collision behavior.
WARNING: Behavioral models for independent clock FIFO configurations do not model synchronization delays. The behavioral models are functionally correct, and will represent the behavior of the configured FIFO. See the FIFO Generator User Guide for more information.
Finished circuit initialization process.
# run all
Stopped at time : 4133220 ns : File "/home/ise/Share/Ultrasonic_Sensor/fpga/verilog/Ultrasonic_Radar_MUL_Top_Test.v" Line 1134
ISim P.20131013 (signature 0xfbc00daa)
----------------------------------------------------------------------
WARNING:Security:42 - Your software subscription period has lapsed. Your current version of Xilinx tools will continue to function, but you no longer qualify for Xilinx software updates or new releases.


----------------------------------------------------------------------
This is a Full version of ISim.
# run 1000 ns
Simulator is doing circuit initialization process.
 Block Memory Generator CORE Generator module loading initial data...
 Block Memory Generator data initialization complete.
Block Memory Generator CORE Generator module Ultrasonic_Radar_MUL_Top_Test.uut.FMCW_RAM_1.inst.\native_mem_module.blk_mem_gen_v7_3_inst  is using a behavioral model for simulation which will not precisely model memory collision behavior.
WARNING: Behavioral models for independent clock FIFO configurations do not model synchronization delays. The behavioral models are functionally correct, and will represent the behavior of the configured FIFO. See the FIFO Generator User Guide for more information.
Finished circuit initialization process.
# run all
Stopped at time : 4228565 ns : File "/home/ise/Share/Ultrasonic_Sensor/fpga/verilog/Ultrasonic_Radar_MUL_Top_Test.v" Line 1134
ISim P.20131013 (signature 0xfbc00daa)
----------------------------------------------------------------------
WARNING:Security:42 - Your software subscription period has lapsed. Your current version of Xilinx tools will continue to function, but you no longer qualify for Xilinx software updates or new releases.


----------------------------------------------------------------------
This is a Full version of ISim.
# run 1000 ns
Simulator is doing circuit initialization process.
 Block Memory Generator CORE Generator module loading initial data...
 Block Memory Generator data initialization complete.
Block Memory Generator CORE Generator module Ultrasonic_Radar_MUL_Top_Test.uut.FMCW_RAM_1.inst.\native_mem_module.blk_mem_gen_v7_3_inst  is using a behavioral model for simulation which will not precisely model memory collision behavior.
WARNING: Behavioral models for independent clock FIFO configurations do not model synchronization delays. The behavioral models are functionally correct, and will represent the behavior of the configured FIFO. See the FIFO Generator User Guide for more information.
Finished circuit initialization process.
# run all
blk_mem_gen_v7_3 WARNING: Address 157c is outside range for B Read
blk_mem_gen_v7_3 WARNING: Address 157d is outside range for B Read
blk_mem_gen_v7_3 WARNING: Address 157e is outside range for B Read
blk_mem_gen_v7_3 WARNING: Address 157f is outside range for B Read
blk_mem_gen_v7_3 WARNING: Address 1580 is outside range for B Read
blk_mem_gen_v7_3 WARNING: Address 1581 is outside range for B Read
blk_mem_gen_v7_3 WARNING: Address 1582 is outside range for B Read
blk_mem_gen_v7_3 WARNING: Address 1583 is outside range for B Read
blk_mem_gen_v7_3 WARNING: Address 1584 is outside range for B Read
blk_mem_gen_v7_3 WARNING: Address 1585 is outside range for B Read
blk_mem_gen_v7_3 WARNING: Address 1586 is outside range for B Read
blk_mem_gen_v7_3 WARNING: Address 1587 is outside range for B Read
blk_mem_gen_v7_3 WARNING: Address 1588 is outside range for B Read
blk_mem_gen_v7_3 WARNING: Address 1589 is outside range for B Read
blk_mem_gen_v7_3 WARNING: Address 158a is outside range for B Read
blk_mem_gen_v7_3 WARNING: Address 158b is outside range for B Read
blk_mem_gen_v7_3 WARNING: Address 158c is outside range for B Read
blk_mem_gen_v7_3 WARNING: Address 158d is outside range for B Read
blk_mem_gen_v7_3 WARNING: Address 158e is outside range for B Read
blk_mem_gen_v7_3 WARNING: Address 158f is outside range for B Read
blk_mem_gen_v7_3 WARNING: Address 1590 is outside range for B Read
blk_mem_gen_v7_3 WARNING: Address 1591 is outside range for B Read
blk_mem_gen_v7_3 WARNING: Address 1592 is outside range for B Read
blk_mem_gen_v7_3 WARNING: Address 1593 is outside range for B Read
blk_mem_gen_v7_3 WARNING: Address 1594 is outside range for B Read
blk_mem_gen_v7_3 WARNING: Address 1595 is outside range for B Read
blk_mem_gen_v7_3 WARNING: Address 1596 is outside range for B Read
blk_mem_gen_v7_3 WARNING: Address 1597 is outside range for B Read
blk_mem_gen_v7_3 WARNING: Address 1598 is outside range for B Read
blk_mem_gen_v7_3 WARNING: Address 1599 is outside range for B Read
blk_mem_gen_v7_3 WARNING: Address 159a is outside range for B Read
blk_mem_gen_v7_3 WARNING: Address 159b is outside range for B Read
blk_mem_gen_v7_3 WARNING: Address 159c is outside range for B Read
blk_mem_gen_v7_3 WARNING: Address 159d is outside range for B Read
blk_mem_gen_v7_3 WARNING: Address 159e is outside range for B Read
blk_mem_gen_v7_3 WARNING: Address 159f is outside range for B Read
blk_mem_gen_v7_3 WARNING: Address 15a0 is outside range for B Read
blk_mem_gen_v7_3 WARNING: Address 15a1 is outside range for B Read
blk_mem_gen_v7_3 WARNING: Address 15a2 is outside range for B Read
blk_mem_gen_v7_3 WARNING: Address 15a3 is outside range for B Read
blk_mem_gen_v7_3 WARNING: Address 15a4 is outside range for B Read
blk_mem_gen_v7_3 WARNING: Address 15a5 is outside range for B Read
blk_mem_gen_v7_3 WARNING: Address 15a6 is outside range for B Read
blk_mem_gen_v7_3 WARNING: Address 15a7 is outside range for B Read
blk_mem_gen_v7_3 WARNING: Address 15a8 is outside range for B Read
blk_mem_gen_v7_3 WARNING: Address 15a9 is outside range for B Read
blk_mem_gen_v7_3 WARNING: Address 15aa is outside range for B Read
blk_mem_gen_v7_3 WARNING: Address 15ab is outside range for B Read
blk_mem_gen_v7_3 WARNING: Address 15ac is outside range for B Read
blk_mem_gen_v7_3 WARNING: Address 15ad is outside range for B Read
blk_mem_gen_v7_3 WARNING: Address 15ae is outside range for B Read
blk_mem_gen_v7_3 WARNING: Address 15af is outside range for B Read
blk_mem_gen_v7_3 WARNING: Address 15b0 is outside range for B Read
blk_mem_gen_v7_3 WARNING: Address 15b1 is outside range for B Read
blk_mem_gen_v7_3 WARNING: Address 15b2 is outside range for B Read
blk_mem_gen_v7_3 WARNING: Address 15b3 is outside range for B Read
blk_mem_gen_v7_3 WARNING: Address 15b4 is outside range for B Read
blk_mem_gen_v7_3 WARNING: Address 15b5 is outside range for B Read
blk_mem_gen_v7_3 WARNING: Address 15b6 is outside range for B Read
blk_mem_gen_v7_3 WARNING: Address 15b7 is outside range for B Read
blk_mem_gen_v7_3 WARNING: Address 15b8 is outside range for B Read
blk_mem_gen_v7_3 WARNING: Address 15b9 is outside range for B Read
blk_mem_gen_v7_3 WARNING: Address 15ba is outside range for B Read
blk_mem_gen_v7_3 WARNING: Address 15bb is outside range for B Read
blk_mem_gen_v7_3 WARNING: Address 15bc is outside range for B Read
blk_mem_gen_v7_3 WARNING: Address 15bd is outside range for B Read
blk_mem_gen_v7_3 WARNING: Address 15be is outside range for B Read
blk_mem_gen_v7_3 WARNING: Address 15bf is outside range for B Read
blk_mem_gen_v7_3 WARNING: Address 15c0 is outside range for B Read
blk_mem_gen_v7_3 WARNING: Address 15c1 is outside range for B Read
blk_mem_gen_v7_3 WARNING: Address 15c2 is outside range for B Read
blk_mem_gen_v7_3 WARNING: Address 15c3 is outside range for B Read
blk_mem_gen_v7_3 WARNING: Address 15c4 is outside range for B Read
blk_mem_gen_v7_3 WARNING: Address 15c5 is outside range for B Read
blk_mem_gen_v7_3 WARNING: Address 15c6 is outside range for B Read
blk_mem_gen_v7_3 WARNING: Address 15c7 is outside range for B Read
blk_mem_gen_v7_3 WARNING: Address 15c8 is outside range for B Read
blk_mem_gen_v7_3 WARNING: Address 15c9 is outside range for B Read
blk_mem_gen_v7_3 WARNING: Address 15ca is outside range for B Read
blk_mem_gen_v7_3 WARNING: Address 15cb is outside range for B Read
blk_mem_gen_v7_3 WARNING: Address 15cc is outside range for B Read
blk_mem_gen_v7_3 WARNING: Address 15cd is outside range for B Read
blk_mem_gen_v7_3 WARNING: Address 15ce is outside range for B Read
blk_mem_gen_v7_3 WARNING: Address 15cf is outside range for B Read
blk_mem_gen_v7_3 WARNING: Address 15d0 is outside range for B Read
blk_mem_gen_v7_3 WARNING: Address 15d1 is outside range for B Read
blk_mem_gen_v7_3 WARNING: Address 15d2 is outside range for B Read
blk_mem_gen_v7_3 WARNING: Address 15d3 is outside range for B Read
blk_mem_gen_v7_3 WARNING: Address 15d4 is outside range for B Read
blk_mem_gen_v7_3 WARNING: Address 15d5 is outside range for B Read
blk_mem_gen_v7_3 WARNING: Address 15d6 is outside range for B Read
blk_mem_gen_v7_3 WARNING: Address 15d7 is outside range for B Read
blk_mem_gen_v7_3 WARNING: Address 15d8 is outside range for B Read
blk_mem_gen_v7_3 WARNING: Address 15d9 is outside range for B Read
blk_mem_gen_v7_3 WARNING: Address 15da is outside range for B Read
blk_mem_gen_v7_3 WARNING: Address 15db is outside range for B Read
blk_mem_gen_v7_3 WARNING: Address 15dc is outside range for B Read
blk_mem_gen_v7_3 WARNING: Address 15dd is outside range for B Read
blk_mem_gen_v7_3 WARNING: Address 15de is outside range for B Read
blk_mem_gen_v7_3 WARNING: Address 15df is outside range for B Read
blk_mem_gen_v7_3 WARNING: Address 15e0 is outside range for B Read
blk_mem_gen_v7_3 WARNING: Address 15e1 is outside range for B Read
blk_mem_gen_v7_3 WARNING: Address 15e2 is outside range for B Read
blk_mem_gen_v7_3 WARNING: Address 15e3 is outside range for B Read
blk_mem_gen_v7_3 WARNING: Address 15e4 is outside range for B Read
blk_mem_gen_v7_3 WARNING: Address 15e5 is outside range for B Read
blk_mem_gen_v7_3 WARNING: Address 15e6 is outside range for B Read
blk_mem_gen_v7_3 WARNING: Address 15e7 is outside range for B Read
blk_mem_gen_v7_3 WARNING: Address 15e8 is outside range for B Read
blk_mem_gen_v7_3 WARNING: Address 15e9 is outside range for B Read
blk_mem_gen_v7_3 WARNING: Address 15ea is outside range for B Read
blk_mem_gen_v7_3 WARNING: Address 15eb is outside range for B Read
blk_mem_gen_v7_3 WARNING: Address 15ec is outside range for B Read
blk_mem_gen_v7_3 WARNING: Address 15ed is outside range for B Read
blk_mem_gen_v7_3 WARNING: Address 15ee is outside range for B Read
blk_mem_gen_v7_3 WARNING: Address 15ef is outside range for B Read
blk_mem_gen_v7_3 WARNING: Address 15f0 is outside range for B Read
blk_mem_gen_v7_3 WARNING: Address 15f1 is outside range for B Read
blk_mem_gen_v7_3 WARNING: Address 15f2 is outside range for B Read
blk_mem_gen_v7_3 WARNING: Address 15f3 is outside range for B Read
blk_mem_gen_v7_3 WARNING: Address 15f4 is outside range for B Read
blk_mem_gen_v7_3 WARNING: Address 15f5 is outside range for B Read
blk_mem_gen_v7_3 WARNING: Address 15f6 is outside range for B Read
blk_mem_gen_v7_3 WARNING: Address 15f7 is outside range for B Read
blk_mem_gen_v7_3 WARNING: Address 15f8 is outside range for B Read
blk_mem_gen_v7_3 WARNING: Address 15f9 is outside range for B Read
blk_mem_gen_v7_3 WARNING: Address 15fa is outside range for B Read
blk_mem_gen_v7_3 WARNING: Address 15fb is outside range for B Read
blk_mem_gen_v7_3 WARNING: Address 15fc is outside range for B Read
blk_mem_gen_v7_3 WARNING: Address 15fd is outside range for B Read
blk_mem_gen_v7_3 WARNING: Address 15fe is outside range for B Read
blk_mem_gen_v7_3 WARNING: Address 15ff is outside range for B Read
blk_mem_gen_v7_3 WARNING: Address 1600 is outside range for B Read
blk_mem_gen_v7_3 WARNING: Address 1601 is outside range for B Read
blk_mem_gen_v7_3 WARNING: Address 1602 is outside range for B Read
blk_mem_gen_v7_3 WARNING: Address 1603 is outside range for B Read
blk_mem_gen_v7_3 WARNING: Address 1604 is outside range for B Read
blk_mem_gen_v7_3 WARNING: Address 1605 is outside range for B Read
blk_mem_gen_v7_3 WARNING: Address 1606 is outside range for B Read
blk_mem_gen_v7_3 WARNING: Address 1607 is outside range for B Read
blk_mem_gen_v7_3 WARNING: Address 1608 is outside range for B Read
blk_mem_gen_v7_3 WARNING: Address 1609 is outside range for B Read
blk_mem_gen_v7_3 WARNING: Address 160a is outside range for B Read
blk_mem_gen_v7_3 WARNING: Address 160b is outside range for B Read
blk_mem_gen_v7_3 WARNING: Address 160c is outside range for B Read
blk_mem_gen_v7_3 WARNING: Address 160d is outside range for B Read
blk_mem_gen_v7_3 WARNING: Address 160e is outside range for B Read
blk_mem_gen_v7_3 WARNING: Address 160f is outside range for B Read
blk_mem_gen_v7_3 WARNING: Address 1610 is outside range for B Read
blk_mem_gen_v7_3 WARNING: Address 1611 is outside range for B Read
blk_mem_gen_v7_3 WARNING: Address 1612 is outside range for B Read
blk_mem_gen_v7_3 WARNING: Address 1613 is outside range for B Read
blk_mem_gen_v7_3 WARNING: Address 1614 is outside range for B Read
blk_mem_gen_v7_3 WARNING: Address 1615 is outside range for B Read
blk_mem_gen_v7_3 WARNING: Address 1616 is outside range for B Read
blk_mem_gen_v7_3 WARNING: Address 1617 is outside range for B Read
blk_mem_gen_v7_3 WARNING: Address 1618 is outside range for B Read
blk_mem_gen_v7_3 WARNING: Address 1619 is outside range for B Read
blk_mem_gen_v7_3 WARNING: Address 161a is outside range for B Read
blk_mem_gen_v7_3 WARNING: Address 161b is outside range for B Read
blk_mem_gen_v7_3 WARNING: Address 161c is outside range for B Read
blk_mem_gen_v7_3 WARNING: Address 161d is outside range for B Read
blk_mem_gen_v7_3 WARNING: Address 161e is outside range for B Read
blk_mem_gen_v7_3 WARNING: Address 161f is outside range for B Read
blk_mem_gen_v7_3 WARNING: Address 1620 is outside range for B Read
blk_mem_gen_v7_3 WARNING: Address 1621 is outside range for B Read
blk_mem_gen_v7_3 WARNING: Address 1622 is outside range for B Read
blk_mem_gen_v7_3 WARNING: Address 1623 is outside range for B Read
blk_mem_gen_v7_3 WARNING: Address 1624 is outside range for B Read
blk_mem_gen_v7_3 WARNING: Address 1625 is outside range for B Read
blk_mem_gen_v7_3 WARNING: Address 1626 is outside range for B Read
blk_mem_gen_v7_3 WARNING: Address 1627 is outside range for B Read
blk_mem_gen_v7_3 WARNING: Address 1628 is outside range for B Read
blk_mem_gen_v7_3 WARNING: Address 1629 is outside range for B Read
blk_mem_gen_v7_3 WARNING: Address 162a is outside range for B Read
blk_mem_gen_v7_3 WARNING: Address 162b is outside range for B Read
blk_mem_gen_v7_3 WARNING: Address 162c is outside range for B Read
blk_mem_gen_v7_3 WARNING: Address 162d is outside range for B Read
blk_mem_gen_v7_3 WARNING: Address 162e is outside range for B Read
blk_mem_gen_v7_3 WARNING: Address 162f is outside range for B Read
blk_mem_gen_v7_3 WARNING: Address 1630 is outside range for B Read
blk_mem_gen_v7_3 WARNING: Address 1631 is outside range for B Read
blk_mem_gen_v7_3 WARNING: Address 1632 is outside range for B Read
blk_mem_gen_v7_3 WARNING: Address 1633 is outside range for B Read
blk_mem_gen_v7_3 WARNING: Address 1634 is outside range for B Read
blk_mem_gen_v7_3 WARNING: Address 1635 is outside range for B Read
blk_mem_gen_v7_3 WARNING: Address 1636 is outside range for B Read
blk_mem_gen_v7_3 WARNING: Address 1637 is outside range for B Read
blk_mem_gen_v7_3 WARNING: Address 1638 is outside range for B Read
blk_mem_gen_v7_3 WARNING: Address 1639 is outside range for B Read
blk_mem_gen_v7_3 WARNING: Address 163a is outside range for B Read
blk_mem_gen_v7_3 WARNING: Address 163b is outside range for B Read
blk_mem_gen_v7_3 WARNING: Address 163c is outside range for B Read
blk_mem_gen_v7_3 WARNING: Address 163d is outside range for B Read
blk_mem_gen_v7_3 WARNING: Address 163e is outside range for B Read
blk_mem_gen_v7_3 WARNING: Address 163f is outside range for B Read
blk_mem_gen_v7_3 WARNING: Address 1640 is outside range for B Read
blk_mem_gen_v7_3 WARNING: Address 1641 is outside range for B Read
blk_mem_gen_v7_3 WARNING: Address 1642 is outside range for B Read
blk_mem_gen_v7_3 WARNING: Address 1643 is outside range for B Read
blk_mem_gen_v7_3 WARNING: Address 1644 is outside range for B Read
blk_mem_gen_v7_3 WARNING: Address 1645 is outside range for B Read
blk_mem_gen_v7_3 WARNING: Address 1646 is outside range for B Read
blk_mem_gen_v7_3 WARNING: Address 1647 is outside range for B Read
blk_mem_gen_v7_3 WARNING: Address 1648 is outside range for B Read
blk_mem_gen_v7_3 WARNING: Address 1649 is outside range for B Read
blk_mem_gen_v7_3 WARNING: Address 164a is outside range for B Read
blk_mem_gen_v7_3 WARNING: Address 164b is outside range for B Read
blk_mem_gen_v7_3 WARNING: Address 164c is outside range for B Read
blk_mem_gen_v7_3 WARNING: Address 164d is outside range for B Read
blk_mem_gen_v7_3 WARNING: Address 164e is outside range for B Read
blk_mem_gen_v7_3 WARNING: Address 164f is outside range for B Read
blk_mem_gen_v7_3 WARNING: Address 1650 is outside range for B Read
blk_mem_gen_v7_3 WARNING: Address 1651 is outside range for B Read
blk_mem_gen_v7_3 WARNING: Address 1652 is outside range for B Read
blk_mem_gen_v7_3 WARNING: Address 1653 is outside range for B Read
blk_mem_gen_v7_3 WARNING: Address 1654 is outside range for B Read
blk_mem_gen_v7_3 WARNING: Address 1655 is outside range for B Read
blk_mem_gen_v7_3 WARNING: Address 1656 is outside range for B Read
blk_mem_gen_v7_3 WARNING: Address 1657 is outside range for B Read
blk_mem_gen_v7_3 WARNING: Address 1658 is outside range for B Read
blk_mem_gen_v7_3 WARNING: Address 1659 is outside range for B Read
blk_mem_gen_v7_3 WARNING: Address 165a is outside range for B Read
blk_mem_gen_v7_3 WARNING: Address 165b is outside range for B Read
blk_mem_gen_v7_3 WARNING: Address 165c is outside range for B Read
blk_mem_gen_v7_3 WARNING: Address 165d is outside range for B Read
blk_mem_gen_v7_3 WARNING: Address 165e is outside range for B Read
blk_mem_gen_v7_3 WARNING: Address 165f is outside range for B Read
blk_mem_gen_v7_3 WARNING: Address 1660 is outside range for B Read
blk_mem_gen_v7_3 WARNING: Address 1661 is outside range for B Read
blk_mem_gen_v7_3 WARNING: Address 1662 is outside range for B Read
blk_mem_gen_v7_3 WARNING: Address 1663 is outside range for B Read
blk_mem_gen_v7_3 WARNING: Address 1664 is outside range for B Read
blk_mem_gen_v7_3 WARNING: Address 1665 is outside range for B Read
blk_mem_gen_v7_3 WARNING: Address 1666 is outside range for B Read
blk_mem_gen_v7_3 WARNING: Address 1667 is outside range for B Read
blk_mem_gen_v7_3 WARNING: Address 1668 is outside range for B Read
blk_mem_gen_v7_3 WARNING: Address 1669 is outside range for B Read
blk_mem_gen_v7_3 WARNING: Address 166a is outside range for B Read
blk_mem_gen_v7_3 WARNING: Address 166b is outside range for B Read
blk_mem_gen_v7_3 WARNING: Address 166c is outside range for B Read
blk_mem_gen_v7_3 WARNING: Address 166d is outside range for B Read
blk_mem_gen_v7_3 WARNING: Address 166e is outside range for B Read
blk_mem_gen_v7_3 WARNING: Address 166f is outside range for B Read
blk_mem_gen_v7_3 WARNING: Address 1670 is outside range for B Read
blk_mem_gen_v7_3 WARNING: Address 1671 is outside range for B Read
blk_mem_gen_v7_3 WARNING: Address 1672 is outside range for B Read
blk_mem_gen_v7_3 WARNING: Address 1673 is outside range for B Read
blk_mem_gen_v7_3 WARNING: Address 1674 is outside range for B Read
blk_mem_gen_v7_3 WARNING: Address 1675 is outside range for B Read
blk_mem_gen_v7_3 WARNING: Address 1676 is outside range for B Read
blk_mem_gen_v7_3 WARNING: Address 1677 is outside range for B Read
blk_mem_gen_v7_3 WARNING: Address 1678 is outside range for B Read
blk_mem_gen_v7_3 WARNING: Address 1679 is outside range for B Read
blk_mem_gen_v7_3 WARNING: Address 167a is outside range for B Read
blk_mem_gen_v7_3 WARNING: Address 167b is outside range for B Read
blk_mem_gen_v7_3 WARNING: Address 167c is outside range for B Read
blk_mem_gen_v7_3 WARNING: Address 167d is outside range for B Read
blk_mem_gen_v7_3 WARNING: Address 167e is outside range for B Read
blk_mem_gen_v7_3 WARNING: Address 167f is outside range for B Read
blk_mem_gen_v7_3 WARNING: Address 1680 is outside range for B Read
blk_mem_gen_v7_3 WARNING: Address 1681 is outside range for B Read
blk_mem_gen_v7_3 WARNING: Address 1682 is outside range for B Read
blk_mem_gen_v7_3 WARNING: Address 1683 is outside range for B Read
blk_mem_gen_v7_3 WARNING: Address 1684 is outside range for B Read
blk_mem_gen_v7_3 WARNING: Address 1685 is outside range for B Read
blk_mem_gen_v7_3 WARNING: Address 1686 is outside range for B Read
blk_mem_gen_v7_3 WARNING: Address 1687 is outside range for B Read
blk_mem_gen_v7_3 WARNING: Address 1688 is outside range for B Read
blk_mem_gen_v7_3 WARNING: Address 1689 is outside range for B Read
blk_mem_gen_v7_3 WARNING: Address 168a is outside range for B Read
blk_mem_gen_v7_3 WARNING: Address 168b is outside range for B Read
blk_mem_gen_v7_3 WARNING: Address 168c is outside range for B Read
blk_mem_gen_v7_3 WARNING: Address 168d is outside range for B Read
blk_mem_gen_v7_3 WARNING: Address 168e is outside range for B Read
blk_mem_gen_v7_3 WARNING: Address 168f is outside range for B Read
blk_mem_gen_v7_3 WARNING: Address 1690 is outside range for B Read
blk_mem_gen_v7_3 WARNING: Address 1691 is outside range for B Read
blk_mem_gen_v7_3 WARNING: Address 1692 is outside range for B Read
blk_mem_gen_v7_3 WARNING: Address 1693 is outside range for B Read
blk_mem_gen_v7_3 WARNING: Address 1694 is outside range for B Read
blk_mem_gen_v7_3 WARNING: Address 1695 is outside range for B Read
blk_mem_gen_v7_3 WARNING: Address 1696 is outside range for B Read
blk_mem_gen_v7_3 WARNING: Address 1697 is outside range for B Read
blk_mem_gen_v7_3 WARNING: Address 1698 is outside range for B Read
blk_mem_gen_v7_3 WARNING: Address 1699 is outside range for B Read
blk_mem_gen_v7_3 WARNING: Address 169a is outside range for B Read
blk_mem_gen_v7_3 WARNING: Address 169b is outside range for B Read
blk_mem_gen_v7_3 WARNING: Address 169c is outside range for B Read
blk_mem_gen_v7_3 WARNING: Address 169d is outside range for B Read
blk_mem_gen_v7_3 WARNING: Address 169e is outside range for B Read
blk_mem_gen_v7_3 WARNING: Address 169f is outside range for B Read
blk_mem_gen_v7_3 WARNING: Address 16a0 is outside range for B Read
blk_mem_gen_v7_3 WARNING: Address 16a1 is outside range for B Read
blk_mem_gen_v7_3 WARNING: Address 16a2 is outside range for B Read
blk_mem_gen_v7_3 WARNING: Address 16a3 is outside range for B Read
blk_mem_gen_v7_3 WARNING: Address 16a4 is outside range for B Read
blk_mem_gen_v7_3 WARNING: Address 16a5 is outside range for B Read
blk_mem_gen_v7_3 WARNING: Address 16a6 is outside range for B Read
blk_mem_gen_v7_3 WARNING: Address 16a7 is outside range for B Read
blk_mem_gen_v7_3 WARNING: Address 16a8 is outside range for B Read
blk_mem_gen_v7_3 WARNING: Address 16a9 is outside range for B Read
blk_mem_gen_v7_3 WARNING: Address 16aa is outside range for B Read
blk_mem_gen_v7_3 WARNING: Address 16ab is outside range for B Read
blk_mem_gen_v7_3 WARNING: Address 16ac is outside range for B Read
blk_mem_gen_v7_3 WARNING: Address 16ad is outside range for B Read
blk_mem_gen_v7_3 WARNING: Address 16ae is outside range for B Read
blk_mem_gen_v7_3 WARNING: Address 16af is outside range for B Read
blk_mem_gen_v7_3 WARNING: Address 16b0 is outside range for B Read
blk_mem_gen_v7_3 WARNING: Address 16b1 is outside range for B Read
blk_mem_gen_v7_3 WARNING: Address 16b2 is outside range for B Read
blk_mem_gen_v7_3 WARNING: Address 16b3 is outside range for B Read
blk_mem_gen_v7_3 WARNING: Address 16b4 is outside range for B Read
blk_mem_gen_v7_3 WARNING: Address 16b5 is outside range for B Read
blk_mem_gen_v7_3 WARNING: Address 16b6 is outside range for B Read
blk_mem_gen_v7_3 WARNING: Address 16b7 is outside range for B Read
blk_mem_gen_v7_3 WARNING: Address 16b8 is outside range for B Read
blk_mem_gen_v7_3 WARNING: Address 16b9 is outside range for B Read
blk_mem_gen_v7_3 WARNING: Address 16ba is outside range for B Read
blk_mem_gen_v7_3 WARNING: Address 16bb is outside range for B Read
blk_mem_gen_v7_3 WARNING: Address 16bc is outside range for B Read
blk_mem_gen_v7_3 WARNING: Address 16bd is outside range for B Read
blk_mem_gen_v7_3 WARNING: Address 16be is outside range for B Read
blk_mem_gen_v7_3 WARNING: Address 16bf is outside range for B Read
blk_mem_gen_v7_3 WARNING: Address 16c0 is outside range for B Read
blk_mem_gen_v7_3 WARNING: Address 16c1 is outside range for B Read
blk_mem_gen_v7_3 WARNING: Address 16c2 is outside range for B Read
blk_mem_gen_v7_3 WARNING: Address 16c3 is outside range for B Read
blk_mem_gen_v7_3 WARNING: Address 16c4 is outside range for B Read
blk_mem_gen_v7_3 WARNING: Address 16c5 is outside range for B Read
blk_mem_gen_v7_3 WARNING: Address 16c6 is outside range for B Read
blk_mem_gen_v7_3 WARNING: Address 16c7 is outside range for B Read
blk_mem_gen_v7_3 WARNING: Address 16c8 is outside range for B Read
blk_mem_gen_v7_3 WARNING: Address 16c9 is outside range for B Read
blk_mem_gen_v7_3 WARNING: Address 16ca is outside range for B Read
blk_mem_gen_v7_3 WARNING: Address 16cb is outside range for B Read
blk_mem_gen_v7_3 WARNING: Address 16cc is outside range for B Read
blk_mem_gen_v7_3 WARNING: Address 16cd is outside range for B Read
blk_mem_gen_v7_3 WARNING: Address 16ce is outside range for B Read
blk_mem_gen_v7_3 WARNING: Address 16cf is outside range for B Read
blk_mem_gen_v7_3 WARNING: Address 16d0 is outside range for B Read
blk_mem_gen_v7_3 WARNING: Address 16d1 is outside range for B Read
blk_mem_gen_v7_3 WARNING: Address 16d2 is outside range for B Read
blk_mem_gen_v7_3 WARNING: Address 16d3 is outside range for B Read
blk_mem_gen_v7_3 WARNING: Address 16d4 is outside range for B Read
blk_mem_gen_v7_3 WARNING: Address 16d5 is outside range for B Read
blk_mem_gen_v7_3 WARNING: Address 16d6 is outside range for B Read
blk_mem_gen_v7_3 WARNING: Address 16d7 is outside range for B Read
blk_mem_gen_v7_3 WARNING: Address 16d8 is outside range for B Read
blk_mem_gen_v7_3 WARNING: Address 16d9 is outside range for B Read
blk_mem_gen_v7_3 WARNING: Address 16da is outside range for B Read
blk_mem_gen_v7_3 WARNING: Address 16db is outside range for B Read
blk_mem_gen_v7_3 WARNING: Address 16dc is outside range for B Read
blk_mem_gen_v7_3 WARNING: Address 16dd is outside range for B Read
blk_mem_gen_v7_3 WARNING: Address 16de is outside range for B Read
blk_mem_gen_v7_3 WARNING: Address 16df is outside range for B Read
blk_mem_gen_v7_3 WARNING: Address 16e0 is outside range for B Read
blk_mem_gen_v7_3 WARNING: Address 16e1 is outside range for B Read
blk_mem_gen_v7_3 WARNING: Address 16e2 is outside range for B Read
blk_mem_gen_v7_3 WARNING: Address 16e3 is outside range for B Read
blk_mem_gen_v7_3 WARNING: Address 16e4 is outside range for B Read
blk_mem_gen_v7_3 WARNING: Address 16e5 is outside range for B Read
blk_mem_gen_v7_3 WARNING: Address 16e6 is outside range for B Read
blk_mem_gen_v7_3 WARNING: Address 16e7 is outside range for B Read
blk_mem_gen_v7_3 WARNING: Address 16e8 is outside range for B Read
blk_mem_gen_v7_3 WARNING: Address 16e9 is outside range for B Read
blk_mem_gen_v7_3 WARNING: Address 16ea is outside range for B Read
blk_mem_gen_v7_3 WARNING: Address 16eb is outside range for B Read
blk_mem_gen_v7_3 WARNING: Address 16ec is outside range for B Read
blk_mem_gen_v7_3 WARNING: Address 16ed is outside range for B Read
blk_mem_gen_v7_3 WARNING: Address 16ee is outside range for B Read
blk_mem_gen_v7_3 WARNING: Address 16ef is outside range for B Read
blk_mem_gen_v7_3 WARNING: Address 16f0 is outside range for B Read
blk_mem_gen_v7_3 WARNING: Address 16f1 is outside range for B Read
blk_mem_gen_v7_3 WARNING: Address 16f2 is outside range for B Read
blk_mem_gen_v7_3 WARNING: Address 16f3 is outside range for B Read
blk_mem_gen_v7_3 WARNING: Address 16f4 is outside range for B Read
blk_mem_gen_v7_3 WARNING: Address 16f5 is outside range for B Read
blk_mem_gen_v7_3 WARNING: Address 16f6 is outside range for B Read
blk_mem_gen_v7_3 WARNING: Address 16f7 is outside range for B Read
blk_mem_gen_v7_3 WARNING: Address 16f8 is outside range for B Read
blk_mem_gen_v7_3 WARNING: Address 16f9 is outside range for B Read
blk_mem_gen_v7_3 WARNING: Address 16fa is outside range for B Read
blk_mem_gen_v7_3 WARNING: Address 16fb is outside range for B Read
blk_mem_gen_v7_3 WARNING: Address 16fc is outside range for B Read
blk_mem_gen_v7_3 WARNING: Address 16fd is outside range for B Read
blk_mem_gen_v7_3 WARNING: Address 16fe is outside range for B Read
blk_mem_gen_v7_3 WARNING: Address 16ff is outside range for B Read
blk_mem_gen_v7_3 WARNING: Address 1700 is outside range for B Read
blk_mem_gen_v7_3 WARNING: Address 1701 is outside range for B Read
blk_mem_gen_v7_3 WARNING: Address 1702 is outside range for B Read
blk_mem_gen_v7_3 WARNING: Address 1703 is outside range for B Read
blk_mem_gen_v7_3 WARNING: Address 1704 is outside range for B Read
blk_mem_gen_v7_3 WARNING: Address 1705 is outside range for B Read
blk_mem_gen_v7_3 WARNING: Address 1706 is outside range for B Read
blk_mem_gen_v7_3 WARNING: Address 1707 is outside range for B Read
blk_mem_gen_v7_3 WARNING: Address 1708 is outside range for B Read
blk_mem_gen_v7_3 WARNING: Address 1709 is outside range for B Read
blk_mem_gen_v7_3 WARNING: Address 170a is outside range for B Read
blk_mem_gen_v7_3 WARNING: Address 170b is outside range for B Read
blk_mem_gen_v7_3 WARNING: Address 170c is outside range for B Read
blk_mem_gen_v7_3 WARNING: Address 170d is outside range for B Read
blk_mem_gen_v7_3 WARNING: Address 170e is outside range for B Read
blk_mem_gen_v7_3 WARNING: Address 170f is outside range for B Read
blk_mem_gen_v7_3 WARNING: Address 1710 is outside range for B Read
blk_mem_gen_v7_3 WARNING: Address 1711 is outside range for B Read
blk_mem_gen_v7_3 WARNING: Address 1712 is outside range for B Read
blk_mem_gen_v7_3 WARNING: Address 1713 is outside range for B Read
blk_mem_gen_v7_3 WARNING: Address 1714 is outside range for B Read
blk_mem_gen_v7_3 WARNING: Address 1715 is outside range for B Read
blk_mem_gen_v7_3 WARNING: Address 1716 is outside range for B Read
blk_mem_gen_v7_3 WARNING: Address 1717 is outside range for B Read
blk_mem_gen_v7_3 WARNING: Address 1718 is outside range for B Read
blk_mem_gen_v7_3 WARNING: Address 1719 is outside range for B Read
blk_mem_gen_v7_3 WARNING: Address 171a is outside range for B Read
blk_mem_gen_v7_3 WARNING: Address 171b is outside range for B Read
blk_mem_gen_v7_3 WARNING: Address 171c is outside range for B Read
blk_mem_gen_v7_3 WARNING: Address 171d is outside range for B Read
blk_mem_gen_v7_3 WARNING: Address 171e is outside range for B Read
blk_mem_gen_v7_3 WARNING: Address 171f is outside range for B Read
blk_mem_gen_v7_3 WARNING: Address 1720 is outside range for B Read
blk_mem_gen_v7_3 WARNING: Address 1721 is outside range for B Read
blk_mem_gen_v7_3 WARNING: Address 1722 is outside range for B Read
blk_mem_gen_v7_3 WARNING: Address 1723 is outside range for B Read
blk_mem_gen_v7_3 WARNING: Address 1724 is outside range for B Read
blk_mem_gen_v7_3 WARNING: Address 1725 is outside range for B Read
blk_mem_gen_v7_3 WARNING: Address 1726 is outside range for B Read
blk_mem_gen_v7_3 WARNING: Address 1727 is outside range for B Read
blk_mem_gen_v7_3 WARNING: Address 1728 is outside range for B Read
blk_mem_gen_v7_3 WARNING: Address 1729 is outside range for B Read
blk_mem_gen_v7_3 WARNING: Address 172a is outside range for B Read
blk_mem_gen_v7_3 WARNING: Address 172b is outside range for B Read
blk_mem_gen_v7_3 WARNING: Address 172c is outside range for B Read
blk_mem_gen_v7_3 WARNING: Address 172d is outside range for B Read
blk_mem_gen_v7_3 WARNING: Address 172e is outside range for B Read
blk_mem_gen_v7_3 WARNING: Address 172f is outside range for B Read
blk_mem_gen_v7_3 WARNING: Address 1730 is outside range for B Read
blk_mem_gen_v7_3 WARNING: Address 1731 is outside range for B Read
blk_mem_gen_v7_3 WARNING: Address 1732 is outside range for B Read
blk_mem_gen_v7_3 WARNING: Address 1733 is outside range for B Read
blk_mem_gen_v7_3 WARNING: Address 1734 is outside range for B Read
blk_mem_gen_v7_3 WARNING: Address 1735 is outside range for B Read
blk_mem_gen_v7_3 WARNING: Address 1736 is outside range for B Read
blk_mem_gen_v7_3 WARNING: Address 1737 is outside range for B Read
blk_mem_gen_v7_3 WARNING: Address 1738 is outside range for B Read
blk_mem_gen_v7_3 WARNING: Address 1739 is outside range for B Read
blk_mem_gen_v7_3 WARNING: Address 173a is outside range for B Read
blk_mem_gen_v7_3 WARNING: Address 173b is outside range for B Read
blk_mem_gen_v7_3 WARNING: Address 173c is outside range for B Read
blk_mem_gen_v7_3 WARNING: Address 173d is outside range for B Read
blk_mem_gen_v7_3 WARNING: Address 173e is outside range for B Read
blk_mem_gen_v7_3 WARNING: Address 173f is outside range for B Read
blk_mem_gen_v7_3 WARNING: Address 1740 is outside range for B Read
blk_mem_gen_v7_3 WARNING: Address 1741 is outside range for B Read
blk_mem_gen_v7_3 WARNING: Address 1742 is outside range for B Read
blk_mem_gen_v7_3 WARNING: Address 1743 is outside range for B Read
blk_mem_gen_v7_3 WARNING: Address 1744 is outside range for B Read
blk_mem_gen_v7_3 WARNING: Address 1745 is outside range for B Read
blk_mem_gen_v7_3 WARNING: Address 1746 is outside range for B Read
blk_mem_gen_v7_3 WARNING: Address 1747 is outside range for B Read
blk_mem_gen_v7_3 WARNING: Address 1748 is outside range for B Read
blk_mem_gen_v7_3 WARNING: Address 1749 is outside range for B Read
blk_mem_gen_v7_3 WARNING: Address 174a is outside range for B Read
blk_mem_gen_v7_3 WARNING: Address 174b is outside range for B Read
blk_mem_gen_v7_3 WARNING: Address 174c is outside range for B Read
blk_mem_gen_v7_3 WARNING: Address 174d is outside range for B Read
blk_mem_gen_v7_3 WARNING: Address 174e is outside range for B Read
blk_mem_gen_v7_3 WARNING: Address 174f is outside range for B Read
blk_mem_gen_v7_3 WARNING: Address 1750 is outside range for B Read
blk_mem_gen_v7_3 WARNING: Address 1751 is outside range for B Read
blk_mem_gen_v7_3 WARNING: Address 1752 is outside range for B Read
blk_mem_gen_v7_3 WARNING: Address 1753 is outside range for B Read
blk_mem_gen_v7_3 WARNING: Address 1754 is outside range for B Read
blk_mem_gen_v7_3 WARNING: Address 1755 is outside range for B Read
blk_mem_gen_v7_3 WARNING: Address 1756 is outside range for B Read
blk_mem_gen_v7_3 WARNING: Address 1757 is outside range for B Read
blk_mem_gen_v7_3 WARNING: Address 1758 is outside range for B Read
blk_mem_gen_v7_3 WARNING: Address 1759 is outside range for B Read
blk_mem_gen_v7_3 WARNING: Address 175a is outside range for B Read
blk_mem_gen_v7_3 WARNING: Address 175b is outside range for B Read
blk_mem_gen_v7_3 WARNING: Address 175c is outside range for B Read
blk_mem_gen_v7_3 WARNING: Address 175d is outside range for B Read
blk_mem_gen_v7_3 WARNING: Address 175e is outside range for B Read
blk_mem_gen_v7_3 WARNING: Address 175f is outside range for B Read
blk_mem_gen_v7_3 WARNING: Address 1760 is outside range for B Read
blk_mem_gen_v7_3 WARNING: Address 1761 is outside range for B Read
blk_mem_gen_v7_3 WARNING: Address 1762 is outside range for B Read
blk_mem_gen_v7_3 WARNING: Address 1763 is outside range for B Read
blk_mem_gen_v7_3 WARNING: Address 1764 is outside range for B Read
blk_mem_gen_v7_3 WARNING: Address 1765 is outside range for B Read
blk_mem_gen_v7_3 WARNING: Address 1766 is outside range for B Read
blk_mem_gen_v7_3 WARNING: Address 1767 is outside range for B Read
blk_mem_gen_v7_3 WARNING: Address 1768 is outside range for B Read
blk_mem_gen_v7_3 WARNING: Address 1769 is outside range for B Read
blk_mem_gen_v7_3 WARNING: Address 176a is outside range for B Read
blk_mem_gen_v7_3 WARNING: Address 176b is outside range for B Read
blk_mem_gen_v7_3 WARNING: Address 176c is outside range for B Read
blk_mem_gen_v7_3 WARNING: Address 176d is outside range for B Read
blk_mem_gen_v7_3 WARNING: Address 176e is outside range for B Read
blk_mem_gen_v7_3 WARNING: Address 176f is outside range for B Read
blk_mem_gen_v7_3 WARNING: Address 1770 is outside range for B Read
blk_mem_gen_v7_3 WARNING: Address 1771 is outside range for B Read
blk_mem_gen_v7_3 WARNING: Address 1772 is outside range for B Read
blk_mem_gen_v7_3 WARNING: Address 1773 is outside range for B Read
blk_mem_gen_v7_3 WARNING: Address 1774 is outside range for B Read
blk_mem_gen_v7_3 WARNING: Address 1775 is outside range for B Read
blk_mem_gen_v7_3 WARNING: Address 1776 is outside range for B Read
blk_mem_gen_v7_3 WARNING: Address 1777 is outside range for B Read
blk_mem_gen_v7_3 WARNING: Address 1778 is outside range for B Read
blk_mem_gen_v7_3 WARNING: Address 1779 is outside range for B Read
blk_mem_gen_v7_3 WARNING: Address 177a is outside range for B Read
blk_mem_gen_v7_3 WARNING: Address 177b is outside range for B Read
blk_mem_gen_v7_3 WARNING: Address 177c is outside range for B Read
blk_mem_gen_v7_3 WARNING: Address 177d is outside range for B Read
blk_mem_gen_v7_3 WARNING: Address 177e is outside range for B Read
blk_mem_gen_v7_3 WARNING: Address 177f is outside range for B Read
blk_mem_gen_v7_3 WARNING: Address 1780 is outside range for B Read
blk_mem_gen_v7_3 WARNING: Address 1781 is outside range for B Read
blk_mem_gen_v7_3 WARNING: Address 1782 is outside range for B Read
blk_mem_gen_v7_3 WARNING: Address 1783 is outside range for B Read
blk_mem_gen_v7_3 WARNING: Address 1784 is outside range for B Read
blk_mem_gen_v7_3 WARNING: Address 1785 is outside range for B Read
blk_mem_gen_v7_3 WARNING: Address 1786 is outside range for B Read
blk_mem_gen_v7_3 WARNING: Address 1787 is outside range for B Read
blk_mem_gen_v7_3 WARNING: Address 1788 is outside range for B Read
blk_mem_gen_v7_3 WARNING: Address 1789 is outside range for B Read
blk_mem_gen_v7_3 WARNING: Address 178a is outside range for B Read
blk_mem_gen_v7_3 WARNING: Address 178b is outside range for B Read
blk_mem_gen_v7_3 WARNING: Address 178c is outside range for B Read
blk_mem_gen_v7_3 WARNING: Address 178d is outside range for B Read
blk_mem_gen_v7_3 WARNING: Address 178e is outside range for B Read
blk_mem_gen_v7_3 WARNING: Address 178f is outside range for B Read
blk_mem_gen_v7_3 WARNING: Address 1790 is outside range for B Read
blk_mem_gen_v7_3 WARNING: Address 1791 is outside range for B Read
blk_mem_gen_v7_3 WARNING: Address 1792 is outside range for B Read
blk_mem_gen_v7_3 WARNING: Address 1793 is outside range for B Read
blk_mem_gen_v7_3 WARNING: Address 1794 is outside range for B Read
blk_mem_gen_v7_3 WARNING: Address 1795 is outside range for B Read
blk_mem_gen_v7_3 WARNING: Address 1796 is outside range for B Read
blk_mem_gen_v7_3 WARNING: Address 1797 is outside range for B Read
blk_mem_gen_v7_3 WARNING: Address 1798 is outside range for B Read
blk_mem_gen_v7_3 WARNING: Address 1799 is outside range for B Read
blk_mem_gen_v7_3 WARNING: Address 179a is outside range for B Read
blk_mem_gen_v7_3 WARNING: Address 179b is outside range for B Read
blk_mem_gen_v7_3 WARNING: Address 179c is outside range for B Read
blk_mem_gen_v7_3 WARNING: Address 179d is outside range for B Read
blk_mem_gen_v7_3 WARNING: Address 179e is outside range for B Read
blk_mem_gen_v7_3 WARNING: Address 179f is outside range for B Read
blk_mem_gen_v7_3 WARNING: Address 17a0 is outside range for B Read
blk_mem_gen_v7_3 WARNING: Address 17a1 is outside range for B Read
blk_mem_gen_v7_3 WARNING: Address 17a2 is outside range for B Read
blk_mem_gen_v7_3 WARNING: Address 17a3 is outside range for B Read
blk_mem_gen_v7_3 WARNING: Address 17a4 is outside range for B Read
blk_mem_gen_v7_3 WARNING: Address 17a5 is outside range for B Read
blk_mem_gen_v7_3 WARNING: Address 17a6 is outside range for B Read
blk_mem_gen_v7_3 WARNING: Address 17a7 is outside range for B Read
blk_mem_gen_v7_3 WARNING: Address 17a8 is outside range for B Read
blk_mem_gen_v7_3 WARNING: Address 17a9 is outside range for B Read
blk_mem_gen_v7_3 WARNING: Address 17aa is outside range for B Read
blk_mem_gen_v7_3 WARNING: Address 17ab is outside range for B Read
blk_mem_gen_v7_3 WARNING: Address 17ac is outside range for B Read
blk_mem_gen_v7_3 WARNING: Address 17ad is outside range for B Read
blk_mem_gen_v7_3 WARNING: Address 17ae is outside range for B Read
blk_mem_gen_v7_3 WARNING: Address 17af is outside range for B Read
blk_mem_gen_v7_3 WARNING: Address 17b0 is outside range for B Read
blk_mem_gen_v7_3 WARNING: Address 17b1 is outside range for B Read
blk_mem_gen_v7_3 WARNING: Address 17b2 is outside range for B Read
blk_mem_gen_v7_3 WARNING: Address 17b3 is outside range for B Read
blk_mem_gen_v7_3 WARNING: Address 17b4 is outside range for B Read
blk_mem_gen_v7_3 WARNING: Address 17b5 is outside range for B Read
blk_mem_gen_v7_3 WARNING: Address 17b6 is outside range for B Read
blk_mem_gen_v7_3 WARNING: Address 17b7 is outside range for B Read
blk_mem_gen_v7_3 WARNING: Address 17b8 is outside range for B Read
blk_mem_gen_v7_3 WARNING: Address 17b9 is outside range for B Read
blk_mem_gen_v7_3 WARNING: Address 17ba is outside range for B Read
blk_mem_gen_v7_3 WARNING: Address 17bb is outside range for B Read
blk_mem_gen_v7_3 WARNING: Address 17bc is outside range for B Read
blk_mem_gen_v7_3 WARNING: Address 17bd is outside range for B Read
blk_mem_gen_v7_3 WARNING: Address 17be is outside range for B Read
blk_mem_gen_v7_3 WARNING: Address 17bf is outside range for B Read
blk_mem_gen_v7_3 WARNING: Address 17c0 is outside range for B Read
blk_mem_gen_v7_3 WARNING: Address 17c1 is outside range for B Read
blk_mem_gen_v7_3 WARNING: Address 17c2 is outside range for B Read
blk_mem_gen_v7_3 WARNING: Address 17c3 is outside range for B Read
blk_mem_gen_v7_3 WARNING: Address 17c4 is outside range for B Read
blk_mem_gen_v7_3 WARNING: Address 17c5 is outside range for B Read
blk_mem_gen_v7_3 WARNING: Address 17c6 is outside range for B Read
blk_mem_gen_v7_3 WARNING: Address 17c7 is outside range for B Read
blk_mem_gen_v7_3 WARNING: Address 17c8 is outside range for B Read
blk_mem_gen_v7_3 WARNING: Address 17c9 is outside range for B Read
blk_mem_gen_v7_3 WARNING: Address 17ca is outside range for B Read
blk_mem_gen_v7_3 WARNING: Address 17cb is outside range for B Read
blk_mem_gen_v7_3 WARNING: Address 17cc is outside range for B Read
blk_mem_gen_v7_3 WARNING: Address 17cd is outside range for B Read
blk_mem_gen_v7_3 WARNING: Address 17ce is outside range for B Read
blk_mem_gen_v7_3 WARNING: Address 17cf is outside range for B Read
blk_mem_gen_v7_3 WARNING: Address 17d0 is outside range for B Read
blk_mem_gen_v7_3 WARNING: Address 17d1 is outside range for B Read
blk_mem_gen_v7_3 WARNING: Address 17d2 is outside range for B Read
blk_mem_gen_v7_3 WARNING: Address 17d3 is outside range for B Read
blk_mem_gen_v7_3 WARNING: Address 17d4 is outside range for B Read
blk_mem_gen_v7_3 WARNING: Address 17d5 is outside range for B Read
blk_mem_gen_v7_3 WARNING: Address 17d6 is outside range for B Read
blk_mem_gen_v7_3 WARNING: Address 17d7 is outside range for B Read
blk_mem_gen_v7_3 WARNING: Address 17d8 is outside range for B Read
blk_mem_gen_v7_3 WARNING: Address 17d9 is outside range for B Read
blk_mem_gen_v7_3 WARNING: Address 17da is outside range for B Read
blk_mem_gen_v7_3 WARNING: Address 17db is outside range for B Read
blk_mem_gen_v7_3 WARNING: Address 17dc is outside range for B Read
blk_mem_gen_v7_3 WARNING: Address 17dd is outside range for B Read
blk_mem_gen_v7_3 WARNING: Address 17de is outside range for B Read
blk_mem_gen_v7_3 WARNING: Address 17df is outside range for B Read
blk_mem_gen_v7_3 WARNING: Address 17e0 is outside range for B Read
blk_mem_gen_v7_3 WARNING: Address 17e1 is outside range for B Read
blk_mem_gen_v7_3 WARNING: Address 17e2 is outside range for B Read
blk_mem_gen_v7_3 WARNING: Address 17e3 is outside range for B Read
blk_mem_gen_v7_3 WARNING: Address 17e4 is outside range for B Read
blk_mem_gen_v7_3 WARNING: Address 17e5 is outside range for B Read
blk_mem_gen_v7_3 WARNING: Address 17e6 is outside range for B Read
blk_mem_gen_v7_3 WARNING: Address 17e7 is outside range for B Read
blk_mem_gen_v7_3 WARNING: Address 17e8 is outside range for B Read
blk_mem_gen_v7_3 WARNING: Address 17e9 is outside range for B Read
blk_mem_gen_v7_3 WARNING: Address 17ea is outside range for B Read
blk_mem_gen_v7_3 WARNING: Address 17eb is outside range for B Read
blk_mem_gen_v7_3 WARNING: Address 17ec is outside range for B Read
blk_mem_gen_v7_3 WARNING: Address 17ed is outside range for B Read
blk_mem_gen_v7_3 WARNING: Address 17ee is outside range for B Read
blk_mem_gen_v7_3 WARNING: Address 17ef is outside range for B Read
blk_mem_gen_v7_3 WARNING: Address 17f0 is outside range for B Read
blk_mem_gen_v7_3 WARNING: Address 17f1 is outside range for B Read
blk_mem_gen_v7_3 WARNING: Address 17f2 is outside range for B Read
blk_mem_gen_v7_3 WARNING: Address 17f3 is outside range for B Read
blk_mem_gen_v7_3 WARNING: Address 17f4 is outside range for B Read
blk_mem_gen_v7_3 WARNING: Address 17f5 is outside range for B Read
blk_mem_gen_v7_3 WARNING: Address 17f6 is outside range for B Read
blk_mem_gen_v7_3 WARNING: Address 17f7 is outside range for B Read
blk_mem_gen_v7_3 WARNING: Address 17f8 is outside range for B Read
blk_mem_gen_v7_3 WARNING: Address 17f9 is outside range for B Read
blk_mem_gen_v7_3 WARNING: Address 17fa is outside range for B Read
blk_mem_gen_v7_3 WARNING: Address 17fb is outside range for B Read
blk_mem_gen_v7_3 WARNING: Address 17fc is outside range for B Read
blk_mem_gen_v7_3 WARNING: Address 17fd is outside range for B Read
blk_mem_gen_v7_3 WARNING: Address 17fe is outside range for B Read
blk_mem_gen_v7_3 WARNING: Address 17ff is outside range for B Read
blk_mem_gen_v7_3 WARNING: Address 1800 is outside range for B Read
blk_mem_gen_v7_3 WARNING: Address 1801 is outside range for B Read
blk_mem_gen_v7_3 WARNING: Address 1802 is outside range for B Read
blk_mem_gen_v7_3 WARNING: Address 1803 is outside range for B Read
blk_mem_gen_v7_3 WARNING: Address 1804 is outside range for B Read
blk_mem_gen_v7_3 WARNING: Address 1805 is outside range for B Read
blk_mem_gen_v7_3 WARNING: Address 1806 is outside range for B Read
blk_mem_gen_v7_3 WARNING: Address 1807 is outside range for B Read
blk_mem_gen_v7_3 WARNING: Address 1808 is outside range for B Read
blk_mem_gen_v7_3 WARNING: Address 1809 is outside range for B Read
blk_mem_gen_v7_3 WARNING: Address 180a is outside range for B Read
blk_mem_gen_v7_3 WARNING: Address 180b is outside range for B Read
blk_mem_gen_v7_3 WARNING: Address 180c is outside range for B Read
blk_mem_gen_v7_3 WARNING: Address 180d is outside range for B Read
blk_mem_gen_v7_3 WARNING: Address 180e is outside range for B Read
blk_mem_gen_v7_3 WARNING: Address 180f is outside range for B Read
blk_mem_gen_v7_3 WARNING: Address 1810 is outside range for B Read
blk_mem_gen_v7_3 WARNING: Address 1811 is outside range for B Read
blk_mem_gen_v7_3 WARNING: Address 1812 is outside range for B Read
blk_mem_gen_v7_3 WARNING: Address 1813 is outside range for B Read
blk_mem_gen_v7_3 WARNING: Address 1814 is outside range for B Read
blk_mem_gen_v7_3 WARNING: Address 1815 is outside range for B Read
blk_mem_gen_v7_3 WARNING: Address 1816 is outside range for B Read
blk_mem_gen_v7_3 WARNING: Address 1817 is outside range for B Read
blk_mem_gen_v7_3 WARNING: Address 1818 is outside range for B Read
blk_mem_gen_v7_3 WARNING: Address 1819 is outside range for B Read
blk_mem_gen_v7_3 WARNING: Address 181a is outside range for B Read
blk_mem_gen_v7_3 WARNING: Address 181b is outside range for B Read
blk_mem_gen_v7_3 WARNING: Address 181c is outside range for B Read
blk_mem_gen_v7_3 WARNING: Address 181d is outside range for B Read
blk_mem_gen_v7_3 WARNING: Address 181e is outside range for B Read
blk_mem_gen_v7_3 WARNING: Address 181f is outside range for B Read
blk_mem_gen_v7_3 WARNING: Address 1820 is outside range for B Read
blk_mem_gen_v7_3 WARNING: Address 1821 is outside range for B Read
blk_mem_gen_v7_3 WARNING: Address 1822 is outside range for B Read
blk_mem_gen_v7_3 WARNING: Address 1823 is outside range for B Read
blk_mem_gen_v7_3 WARNING: Address 1824 is outside range for B Read
blk_mem_gen_v7_3 WARNING: Address 1825 is outside range for B Read
blk_mem_gen_v7_3 WARNING: Address 1826 is outside range for B Read
blk_mem_gen_v7_3 WARNING: Address 1827 is outside range for B Read
blk_mem_gen_v7_3 WARNING: Address 1828 is outside range for B Read
blk_mem_gen_v7_3 WARNING: Address 1829 is outside range for B Read
blk_mem_gen_v7_3 WARNING: Address 182a is outside range for B Read
blk_mem_gen_v7_3 WARNING: Address 182b is outside range for B Read
blk_mem_gen_v7_3 WARNING: Address 182c is outside range for B Read
blk_mem_gen_v7_3 WARNING: Address 182d is outside range for B Read
blk_mem_gen_v7_3 WARNING: Address 182e is outside range for B Read
blk_mem_gen_v7_3 WARNING: Address 182f is outside range for B Read
blk_mem_gen_v7_3 WARNING: Address 1830 is outside range for B Read
blk_mem_gen_v7_3 WARNING: Address 1831 is outside range for B Read
blk_mem_gen_v7_3 WARNING: Address 1832 is outside range for B Read
blk_mem_gen_v7_3 WARNING: Address 1833 is outside range for B Read
blk_mem_gen_v7_3 WARNING: Address 1834 is outside range for B Read
blk_mem_gen_v7_3 WARNING: Address 1835 is outside range for B Read
blk_mem_gen_v7_3 WARNING: Address 1836 is outside range for B Read
blk_mem_gen_v7_3 WARNING: Address 1837 is outside range for B Read
blk_mem_gen_v7_3 WARNING: Address 1838 is outside range for B Read
blk_mem_gen_v7_3 WARNING: Address 1839 is outside range for B Read
blk_mem_gen_v7_3 WARNING: Address 183a is outside range for B Read
blk_mem_gen_v7_3 WARNING: Address 183b is outside range for B Read
blk_mem_gen_v7_3 WARNING: Address 183c is outside range for B Read
blk_mem_gen_v7_3 WARNING: Address 183d is outside range for B Read
blk_mem_gen_v7_3 WARNING: Address 183e is outside range for B Read
blk_mem_gen_v7_3 WARNING: Address 183f is outside range for B Read
blk_mem_gen_v7_3 WARNING: Address 1840 is outside range for B Read
blk_mem_gen_v7_3 WARNING: Address 1841 is outside range for B Read
blk_mem_gen_v7_3 WARNING: Address 1842 is outside range for B Read
blk_mem_gen_v7_3 WARNING: Address 1843 is outside range for B Read
blk_mem_gen_v7_3 WARNING: Address 1844 is outside range for B Read
blk_mem_gen_v7_3 WARNING: Address 1845 is outside range for B Read
blk_mem_gen_v7_3 WARNING: Address 1846 is outside range for B Read
blk_mem_gen_v7_3 WARNING: Address 1847 is outside range for B Read
blk_mem_gen_v7_3 WARNING: Address 1848 is outside range for B Read
blk_mem_gen_v7_3 WARNING: Address 1849 is outside range for B Read
blk_mem_gen_v7_3 WARNING: Address 184a is outside range for B Read
blk_mem_gen_v7_3 WARNING: Address 184b is outside range for B Read
blk_mem_gen_v7_3 WARNING: Address 184c is outside range for B Read
blk_mem_gen_v7_3 WARNING: Address 184d is outside range for B Read
blk_mem_gen_v7_3 WARNING: Address 184e is outside range for B Read
blk_mem_gen_v7_3 WARNING: Address 184f is outside range for B Read
blk_mem_gen_v7_3 WARNING: Address 1850 is outside range for B Read
blk_mem_gen_v7_3 WARNING: Address 1851 is outside range for B Read
blk_mem_gen_v7_3 WARNING: Address 1852 is outside range for B Read
blk_mem_gen_v7_3 WARNING: Address 1853 is outside range for B Read
blk_mem_gen_v7_3 WARNING: Address 1854 is outside range for B Read
blk_mem_gen_v7_3 WARNING: Address 1855 is outside range for B Read
blk_mem_gen_v7_3 WARNING: Address 1856 is outside range for B Read
blk_mem_gen_v7_3 WARNING: Address 1857 is outside range for B Read
blk_mem_gen_v7_3 WARNING: Address 1858 is outside range for B Read
blk_mem_gen_v7_3 WARNING: Address 1859 is outside range for B Read
blk_mem_gen_v7_3 WARNING: Address 185a is outside range for B Read
blk_mem_gen_v7_3 WARNING: Address 185b is outside range for B Read
blk_mem_gen_v7_3 WARNING: Address 185c is outside range for B Read
blk_mem_gen_v7_3 WARNING: Address 185d is outside range for B Read
blk_mem_gen_v7_3 WARNING: Address 185e is outside range for B Read
blk_mem_gen_v7_3 WARNING: Address 185f is outside range for B Read
blk_mem_gen_v7_3 WARNING: Address 1860 is outside range for B Read
blk_mem_gen_v7_3 WARNING: Address 1861 is outside range for B Read
blk_mem_gen_v7_3 WARNING: Address 1862 is outside range for B Read
blk_mem_gen_v7_3 WARNING: Address 1863 is outside range for B Read
blk_mem_gen_v7_3 WARNING: Address 1864 is outside range for B Read
blk_mem_gen_v7_3 WARNING: Address 1865 is outside range for B Read
blk_mem_gen_v7_3 WARNING: Address 1866 is outside range for B Read
blk_mem_gen_v7_3 WARNING: Address 1867 is outside range for B Read
blk_mem_gen_v7_3 WARNING: Address 1868 is outside range for B Read
blk_mem_gen_v7_3 WARNING: Address 1869 is outside range for B Read
blk_mem_gen_v7_3 WARNING: Address 186a is outside range for B Read
blk_mem_gen_v7_3 WARNING: Address 186b is outside range for B Read
blk_mem_gen_v7_3 WARNING: Address 186c is outside range for B Read
blk_mem_gen_v7_3 WARNING: Address 186d is outside range for B Read
blk_mem_gen_v7_3 WARNING: Address 186e is outside range for B Read
blk_mem_gen_v7_3 WARNING: Address 186f is outside range for B Read
blk_mem_gen_v7_3 WARNING: Address 1870 is outside range for B Read
blk_mem_gen_v7_3 WARNING: Address 1871 is outside range for B Read
blk_mem_gen_v7_3 WARNING: Address 1872 is outside range for B Read
blk_mem_gen_v7_3 WARNING: Address 1873 is outside range for B Read
blk_mem_gen_v7_3 WARNING: Address 1874 is outside range for B Read
blk_mem_gen_v7_3 WARNING: Address 1875 is outside range for B Read
blk_mem_gen_v7_3 WARNING: Address 1876 is outside range for B Read
blk_mem_gen_v7_3 WARNING: Address 1877 is outside range for B Read
blk_mem_gen_v7_3 WARNING: Address 1878 is outside range for B Read
blk_mem_gen_v7_3 WARNING: Address 1879 is outside range for B Read
blk_mem_gen_v7_3 WARNING: Address 187a is outside range for B Read
blk_mem_gen_v7_3 WARNING: Address 187b is outside range for B Read
blk_mem_gen_v7_3 WARNING: Address 187c is outside range for B Read
blk_mem_gen_v7_3 WARNING: Address 187d is outside range for B Read
blk_mem_gen_v7_3 WARNING: Address 187e is outside range for B Read
blk_mem_gen_v7_3 WARNING: Address 187f is outside range for B Read
blk_mem_gen_v7_3 WARNING: Address 1880 is outside range for B Read
blk_mem_gen_v7_3 WARNING: Address 1881 is outside range for B Read
blk_mem_gen_v7_3 WARNING: Address 1882 is outside range for B Read
blk_mem_gen_v7_3 WARNING: Address 1883 is outside range for B Read
blk_mem_gen_v7_3 WARNING: Address 1884 is outside range for B Read
blk_mem_gen_v7_3 WARNING: Address 1885 is outside range for B Read
blk_mem_gen_v7_3 WARNING: Address 1886 is outside range for B Read
blk_mem_gen_v7_3 WARNING: Address 1887 is outside range for B Read
blk_mem_gen_v7_3 WARNING: Address 1888 is outside range for B Read
blk_mem_gen_v7_3 WARNING: Address 1889 is outside range for B Read
blk_mem_gen_v7_3 WARNING: Address 188a is outside range for B Read
blk_mem_gen_v7_3 WARNING: Address 188b is outside range for B Read
blk_mem_gen_v7_3 WARNING: Address 188c is outside range for B Read
blk_mem_gen_v7_3 WARNING: Address 188d is outside range for B Read
blk_mem_gen_v7_3 WARNING: Address 188e is outside range for B Read
blk_mem_gen_v7_3 WARNING: Address 188f is outside range for B Read
blk_mem_gen_v7_3 WARNING: Address 1890 is outside range for B Read
blk_mem_gen_v7_3 WARNING: Address 1891 is outside range for B Read
blk_mem_gen_v7_3 WARNING: Address 1892 is outside range for B Read
blk_mem_gen_v7_3 WARNING: Address 1893 is outside range for B Read
blk_mem_gen_v7_3 WARNING: Address 1894 is outside range for B Read
blk_mem_gen_v7_3 WARNING: Address 1895 is outside range for B Read
blk_mem_gen_v7_3 WARNING: Address 1896 is outside range for B Read
blk_mem_gen_v7_3 WARNING: Address 1897 is outside range for B Read
Stopped at time : 6420580 ns : File "/home/ise/Share/Ultrasonic_Sensor/fpga/verilog/Ultrasonic_Radar_MUL_Top_Test.v" Line 1134
ISim P.20131013 (signature 0xfbc00daa)
----------------------------------------------------------------------
WARNING:Security:42 - Your software subscription period has lapsed. Your current version of Xilinx tools will continue to function, but you no longer qualify for Xilinx software updates or new releases.


----------------------------------------------------------------------
This is a Full version of ISim.
# run 1000 ns
Simulator is doing circuit initialization process.
 Block Memory Generator CORE Generator module loading initial data...
 Block Memory Generator data initialization complete.
Block Memory Generator CORE Generator module Ultrasonic_Radar_MUL_Top_Test.uut.FMCW_RAM_1.inst.\native_mem_module.blk_mem_gen_v7_3_inst  is using a behavioral model for simulation which will not precisely model memory collision behavior.
WARNING: Behavioral models for independent clock FIFO configurations do not model synchronization delays. The behavioral models are functionally correct, and will represent the behavior of the configured FIFO. See the FIFO Generator User Guide for more information.
Finished circuit initialization process.
# run all
Stopped at time : 10270545 ns : File "/home/ise/Share/Ultrasonic_Sensor/fpga/verilog/Ultrasonic_Radar_Top.vhd" Line 373
ISim P.20131013 (signature 0xfbc00daa)
----------------------------------------------------------------------
WARNING:Security:42 - Your software subscription period has lapsed. Your current version of Xilinx tools will continue to function, but you no longer qualify for Xilinx software updates or new releases.


----------------------------------------------------------------------
This is a Full version of ISim.
# run 1000 ns
Simulator is doing circuit initialization process.
 Block Memory Generator CORE Generator module loading initial data...
 Block Memory Generator data initialization complete.
Block Memory Generator CORE Generator module Ultrasonic_Radar_MUL_Top_Test.uut.FMCW_RAM_1.inst.\native_mem_module.blk_mem_gen_v7_3_inst  is using a behavioral model for simulation which will not precisely model memory collision behavior.
WARNING: Behavioral models for independent clock FIFO configurations do not model synchronization delays. The behavioral models are functionally correct, and will represent the behavior of the configured FIFO. See the FIFO Generator User Guide for more information.
Finished circuit initialization process.
# run all
Stopped at time : 4657280 ns : File "/home/ise/Share/Ultrasonic_Sensor/fpga/verilog/Ultrasonic_RMII_TX_MULCHN.v" Line 334
# run all
Stopped at time : 8579735 ns : File "/home/ise/Share/Ultrasonic_Sensor/fpga/verilog/Ultrasonic_Radar_Top.vhd" Line 373
ISim P.20131013 (signature 0xfbc00daa)
----------------------------------------------------------------------
WARNING:Security:42 - Your software subscription period has lapsed. Your current version of Xilinx tools will continue to function, but you no longer qualify for Xilinx software updates or new releases.


----------------------------------------------------------------------
This is a Full version of ISim.
# run 1000 ns
Simulator is doing circuit initialization process.
 Block Memory Generator CORE Generator module loading initial data...
 Block Memory Generator data initialization complete.
Block Memory Generator CORE Generator module Ultrasonic_Radar_MUL_Top_Test.uut.FMCW_RAM_1.inst.\native_mem_module.blk_mem_gen_v7_3_inst  is using a behavioral model for simulation which will not precisely model memory collision behavior.
WARNING: Behavioral models for independent clock FIFO configurations do not model synchronization delays. The behavioral models are functionally correct, and will represent the behavior of the configured FIFO. See the FIFO Generator User Guide for more information.
Finished circuit initialization process.
# run all
